// Jest Snapshot v1, https://goo.gl/fbAQLP

exports[`renders correctly to Quote page 1`] = `
<div
  className="quote-div"
>
  <p
    className="quote-p"
  >
    Mathematics is not about numbers, equations, computations, or algorithms: it is about understanding. â€“William Paul Thurston
  </p>
</div>
`;
